
> next-platform@0.1.0 build
> npm run generate-search-index && next build


> next-platform@0.1.0 generate-search-index
> node scripts/build-search-index.mjs

Generated search index with 435 entries.
node.exe : ÔÜá 
Warning: Next.js 
inferred your 
workspace root, but 
it may not be 
correct.
Au caractère 
Ligne:1 : 1
+ & "C:\Program File
s\nodejs/node.exe" 
"C:\Program Files\no
dejs/node_mo ...
+ ~~~~~~~~~~~~~~~~~~
~~~~~~~~~~~~~~~~~~~~
~~~~~~~~~~~~~~~~~~~~
~~~~~~~~~~~
    + CategoryInfo  
            : NotS  
  pecified: (ÔÜá    
 Warning: Ne...n    
ot be correct.:    
String) [], Rem    
oteException
    + FullyQualifie 
   dErrorId : Nati  
  veCommandError
 
 We detected 
multiple lockfiles 
and selected the 
directory of C:\User
s\omero\package-lock
.json as the root 
directory.
 To silence this 
warning, set 
`turbopack.root` in 
your Next.js 
config, or consider 
removing one of the 
lockfiles if it's 
not needed.
   See https://nextj
s.org/docs/app/api-r
eference/config/next
-config-js/turbopack
#root-directory for 
more information.
 Detected 
additional 
lockfiles: 
   * C:\Users\omero\
Downloads\belmobile.
be-react-to-next-js\
next-platform\packag
e-lock.json
   * C:\Users\omero\
Downloads\belmobile.
be-react-to-next-js\
package-lock.json

Ôû▓ Next.js 16.1.0 (Turbopack)
- Environments: .env.local

  Creating an optimized production build ...

> Build error 
occurred
Error: Turbopack 
build failed with 1 
errors:
./Downloads/belmobil
e.be-react-to-next-j
s/next-platform/src/
app/[lang]/b2b/page.
tsx:3:1
Module not found: 
Can't resolve '../..
/../components/B2BCl
ient'
[0m [90m 1 |[39m 
[36mimport[39m 
[33mReact[39m 
[36mfrom[39m [32m
'react'[39m[33m;[
39m
 [90m 2 |[39m 
[36mimport[39m { 
[33mMetadata[39m 
} [36mfrom[39m [3
2m'next'[39m[33m;
[39m
[31m[1m>[22m[39m
[90m 3 |[39m 
[36mimport[39m 
[33mB2BClient[39m 
[36mfrom[39m [32m
'../../../components
/B2BClient'[39m[33
m;[39m
 [90m   |[39m [31
m[1m^[22m[39m[31
m[1m^[22m[39m[31
m[1m^[22m[39m[31
m[1m^[22m[39m[31
m[1m^[22m[39m[31
m[1m^[22m[39m[31
m[1m^[22m[39m[31
m[1m^[22m[39m[31
m[1m^[22m[39m[31
m[1m^[22m[39m[31
m[1m^[22m[39m[31
m[1m^[22m[39m[31
m[1m^[22m[39m[31
m[1m^[22m[39m[31
m[1m^[22m[39m[31
m[1m^[22m[39m[31
m[1m^[22m[39m[31
m[1m^[22m[39m[31
m[1m^[22m[39m[31
m[1m^[22m[39m[31
m[1m^[22m[39m[31
m[1m^[22m[39m[31
m[1m^[22m[39m[31
m[1m^[22m[39m[31
m[1m^[22m[39m[31
m[1m^[22m[39m[31
m[1m^[22m[39m[31
m[1m^[22m[39m[31
m[1m^[22m[39m[31
m[1m^[22m[39m[31
m[1m^[22m[39m[31
m[1m^[22m[39m[31
m[1m^[22m[39m[31
m[1m^[22m[39m[31
m[1m^[22m[39m[31
m[1m^[22m[39m[31
m[1m^[22m[39m[31
m[1m^[22m[39m[31
m[1m^[22m[39m[31
m[1m^[22m[39m[31
m[1m^[22m[39m[31
m[1m^[22m[39m[31
m[1m^[22m[39m[31
m[1m^[22m[39m[31
m[1m^[22m[39m[31
m[1m^[22m[39m[31
m[1m^[22m[39m[31
m[1m^[22m[39m[31
m[1m^[22m[39m[31
m[1m^[22m[39m[31
m[1m^[22m[39m[31
m[1m^[22m[39m[31
m[1m^[22m[39m[31
m[1m^[22m[39m
 [90m 4 |[39m
 [90m 5 |[39m 
[36minterface[39m 
[33mPageProps[39m 
{
 [90m 6 |[39m     
params[33m:[39m [
33mPromise[39m[33m
<[39m{[0m



https://nextjs.org/d
ocs/messages/module-
not-found


    at <unknown> (./
Downloads/belmobile.
be-react-to-next-js/
next-platform/src/ap
p/[lang]/b2b/page.ts
x:3:1)
    at <unknown> (ht
tps://nextjs.org/doc
s/messages/module-no
t-found)
