src/components/admin/BlogManagement.tsx(9,24): error TS2339: Property 'addBlogPost' does not exist on type '{ loading: boolean; reservations: Reservation[]; quotes: Quote[]; franchiseApplications: FranchiseApplication[]; contactMessages: ContactMessage[]; ... 41 more ...; sendEmail: (to: string, subject: string, html: string, attachments?: { ...; }[] | undefined) => Promise<...>; }'.
src/components/admin/BlogManagement.tsx(9,37): error TS2339: Property 'updateBlogPost' does not exist on type '{ loading: boolean; reservations: Reservation[]; quotes: Quote[]; franchiseApplications: FranchiseApplication[]; contactMessages: ContactMessage[]; ... 41 more ...; sendEmail: (to: string, subject: string, html: string, attachments?: { ...; }[] | undefined) => Promise<...>; }'.
src/components/admin/BlogManagement.tsx(9,53): error TS2339: Property 'deleteBlogPost' does not exist on type '{ loading: boolean; reservations: Reservation[]; quotes: Quote[]; franchiseApplications: FranchiseApplication[]; contactMessages: ContactMessage[]; ... 41 more ...; sendEmail: (to: string, subject: string, html: string, attachments?: { ...; }[] | undefined) => Promise<...>; }'.
src/components/admin/QuoteDetailsModal.tsx(481,99): error TS2322: Type 'string' is not assignable to type '"normal" | "service"'.
src/components/admin/QuoteDetailsModal.tsx(518,68): error TS2322: Type 'boolean | null' is not assignable to type 'boolean | undefined'.
  Type 'null' is not assignable to type 'boolean | undefined'.
src/components/admin/QuoteDetailsModal.tsx(522,68): error TS2322: Type 'boolean | null' is not assignable to type 'boolean | undefined'.
  Type 'null' is not assignable to type 'boolean | undefined'.
src/components/admin/QuoteDetailsModal.tsx(526,68): error TS2322: Type 'boolean | null' is not assignable to type 'boolean | undefined'.
  Type 'null' is not assignable to type 'boolean | undefined'.
src/components/admin/QuoteDetailsModal.tsx(530,68): error TS2322: Type 'boolean | null' is not assignable to type 'boolean | undefined'.
  Type 'null' is not assignable to type 'boolean | undefined'.
src/components/admin/Reporting.tsx(66,47): error TS2322: Type 'string | number' is not assignable to type 'string'.
  Type 'number' is not assignable to type 'string'.
src/components/admin/Reporting.tsx(317,42): error TS2322: Type '(val: number) => string' is not assignable to type 'Formatter<number, NameType>'.
  Types of parameters 'val' and 'value' are incompatible.
    Type 'number | undefined' is not assignable to type 'number'.
      Type 'undefined' is not assignable to type 'number'.
src/components/admin/ShopManagement.tsx(10,20): error TS2339: Property 'deleteShop' does not exist on type '{ loading: boolean; reservations: Reservation[]; quotes: Quote[]; franchiseApplications: FranchiseApplication[]; contactMessages: ContactMessage[]; ... 41 more ...; sendEmail: (to: string, subject: string, html: string, attachments?: { ...; }[] | undefined) => Promise<...>; }'.
src/components/admin/ShopModal.tsx(14,13): error TS2339: Property 'addShop' does not exist on type '{ loading: boolean; reservations: Reservation[]; quotes: Quote[]; franchiseApplications: FranchiseApplication[]; contactMessages: ContactMessage[]; ... 41 more ...; sendEmail: (to: string, subject: string, html: string, attachments?: { ...; }[] | undefined) => Promise<...>; }'.
src/components/admin/ShopModal.tsx(14,22): error TS2339: Property 'updateShop' does not exist on type '{ loading: boolean; reservations: Reservation[]; quotes: Quote[]; franchiseApplications: FranchiseApplication[]; contactMessages: ContactMessage[]; ... 41 more ...; sendEmail: (to: string, subject: string, html: string, attachments?: { ...; }[] | undefined) => Promise<...>; }'.
src/components/Celebration.tsx(4,22): error TS7016: Could not find a declaration file for module 'canvas-confetti'. 'C:/Users/omero/Downloads/belmobile.be-react-to-next-js/next-platform/node_modules/canvas-confetti/src/confetti.js' implicitly has an 'any' type.
  Try `npm i --save-dev @types/canvas-confetti` if it exists or add a new declaration (.d.ts) file containing `declare module 'canvas-confetti';`
src/components/Contact.tsx(92,17): error TS2322: Type 'string | null' is not assignable to type 'string | undefined'.
  Type 'null' is not assignable to type 'string | undefined'.
src/components/Contact.tsx(95,17): error TS2322: Type 'string | null' is not assignable to type 'string | undefined'.
  Type 'null' is not assignable to type 'string | undefined'.
src/components/ReservationModal.tsx(54,24): error TS2345: Argument of type '{ productId: string | number; productName: string; customerName: string; customerEmail: string; customerPhone: string; shopId: string | number; deliveryMethod: "pickup" | "shipping"; shippingAddress: string | undefined; shippingCity: string | undefined; shippingZip: string | undefined; }' is not assignable to parameter of type 'Omit<Reservation, "id" | "status" | "date">'.
  Property 'productPrice' is missing in type '{ productId: string | number; productName: string; customerName: string; customerEmail: string; customerPhone: string; shopId: string | number; deliveryMethod: "pickup" | "shipping"; shippingAddress: string | undefined; shippingCity: string | undefined; shippingZip: string | undefined; }' but required in type 'Omit<Reservation, "id" | "status" | "date">'.
src/components/TrackOrder.tsx(346,74): error TS2532: Object is possibly 'undefined'.
src/components/TrackOrder.tsx(350,58): error TS2532: Object is possibly 'undefined'.
src/components/wizard/Sidebar.tsx(68,5): error TS2339: Property 'hasHydrogel' does not exist on type 'SidebarProps'.
src/components/wizard/steps/StepUserInfo.tsx(884,21): error TS2322: Type '{ type: "repair" | "buyback"; step: number; selectedBrand: string; selectedModel: string; deviceType: string; storage: string; repairIssues: string[]; estimateDisplay: number; onNext: () => void; ... 9 more ...; hasHydrogel: boolean; }' is not assignable to type 'IntrinsicAttributes & SidebarProps'.
  Property 'hasHydrogel' does not exist on type 'IntrinsicAttributes & SidebarProps'.
